getpwuid_r did not find a match for uid 502
Timestamp               Ty Process[PID:TID]
2026-09-04 23:31:15.229 Df Babytuna[71278:4e19aa] [com.apple.xpc:connection] [0x106505640] activating connection: mach=true listener=false peer=false name=com.apple.cfprefsd.daemon
2026-09-04 23:31:15.235 Df Babytuna[71278:4e19aa] [com.apple.UserNotifications:Connections] [com.babytuna.systems] Creating a user notification center
2026-09-04 23:31:15.246 A  Babytuna[71278:4e1b3a] (CoreFoundation) Loading Preferences From User Session CFPrefsD
2026-09-04 23:31:15.248 Df Babytuna[71278:4e1b3b] [com.apple.BoardServices:XPCErrors] [C:1] Alloc com.apple.frontboard.systemappservices
2026-09-04 23:31:15.248 Df Babytuna[71278:4e1b3b] [com.apple.xpc:connection] [0x106706930] activating connection: mach=false listener=false peer=false name=(anonymous)
2026-09-04 23:31:15.249 Df Babytuna[71278:4e19aa] (libMobileGestalt.dylib) No persisted cache on this platform.
2026-09-04 23:31:15.254 Df Babytuna[71278:4e1b09] [com.apple.UIKit:BackgroundTask] Creating new assertion because there is no existing background assertion.
2026-09-04 23:31:15.254 Df Babytuna[71278:4e1b09] [com.apple.UIKit:BackgroundTask] Creating new background assertion
2026-09-04 23:31:15.254 Df Babytuna[71278:4e1b09] [com.apple.UIKit:BackgroundTask] Created new background assertion <BKSProcessAssertion: 0x600002106bc0>
2026-09-04 23:31:15.254 Df Babytuna[71278:4e1b09] [com.apple.runningboard:connection] Initializing connection
2026-09-04 23:31:15.254 Df Babytuna[71278:4e1b09] [com.apple.runningboard:process] Removing all cached process handles
2026-09-04 23:31:15.255 Df Babytuna[71278:4e1b3c] [com.apple.runningboard:connection] Sending handshake request attempt #1 to server
2026-09-04 23:31:15.255 Df Babytuna[71278:4e1b3c] [com.apple.runningboard:connection] Creating connection to com.apple.runningboard
2026-09-04 23:31:15.255 Df Babytuna[71278:4e1b3c] [com.apple.xpc:connection] [0x106905aa0] activating connection: mach=true listener=false peer=false name=com.apple.runningboard
2026-09-04 23:31:15.255 A  Babytuna[71278:4e1b3a] (RunningBoardServices) didChangeInheritances
2026-09-04 23:31:15.256 Df Babytuna[71278:4e1b3c] [com.apple.runningboard:connection] Handshake succeeded
2026-09-04 23:31:15.256 Df Babytuna[71278:4e1b3c] [com.apple.runningboard:connection] Identity resolved as app<com.babytuna.systems((null))>
2026-09-04 23:31:15.256 Df Babytuna[71278:4e1b09] [com.apple.UIKit:BackgroundTask] Incrementing reference count for background assertion <BKSProcessAssertion: 0x600002106bc0>
2026-09-04 23:31:15.257 Df Babytuna[71278:4e1b09] [com.apple.UIKit:BackgroundTask] Created background task <_UIBackgroundTaskInfo: 0x6000017007c0>: taskID = 1, taskName = Launch Background Task for Coalescing, creationTime = 148134 (elapsed = 0).
2026-09-04 23:31:15.257 Df Babytuna[71278:4e1b09] [com.apple.FrontBoard:SceneExtension] Realizing settings extension _UIApplicationSceneKeyboardSettings on FBSSceneSettings
2026-09-04 23:31:15.257 Df Babytuna[71278:4e19aa] [com.apple.UIKit:Application] Deactivation reason added: 10; deactivation reasons: 0 -> 1024; animating application lifecycle event: 0
2026-09-04 23:31:15.257 Df Babytuna[71278:4e19aa] [com.apple.BoardServices:Injection] activating monitor for service com.apple.frontboard.open
2026-09-04 23:31:15.257 Df Babytuna[71278:4e19aa] [com.apple.BoardServices:Injection] activating monitor for service com.apple.frontboard.workspace-service
2026-09-04 23:31:15.258 Df Babytuna[71278:4e19aa] [com.apple.FrontBoard:Common] FBSWorkspace registering source: com.apple.frontboard.systemappservices
2026-09-04 23:31:15.264 Df Babytuna[71278:4e1b09] [com.apple.FrontBoard:SceneExtension] Realizing settings extension <_UISceneOcclusionSettings> on FBSSceneSettings
2026-09-04 23:31:15.265 Df Babytuna[71278:4e1b09] [com.apple.FrontBoard:SceneExtension] Realizing settings extension <_UISceneInterfaceProtectionSettings> on FBSSceneSettings
2026-09-04 23:31:15.265 Df Babytuna[71278:4e19aa] [com.apple.FrontBoard:Common] FBSWorkspace connected to endpoint : <BSServiceConnectionEndpoint: 0x600000212960; target: com.apple.frontboard.systemappservices; service: com.apple.frontboard.workspace-service>
2026-09-04 23:31:15.265 Df Babytuna[71278:4e19aa] [com.apple.FrontBoard:Common] <FBSWorkspaceScenesClient:0x60000300c2d0 com.apple.frontboard.systemappservices> attempting immediate handshake from activate
2026-09-04 23:31:15.265 Df Babytuna[71278:4e1b09] [com.apple.FrontBoard:SceneExtension] Realizing settings extension _UISceneLayoutPreferencesHostSettingsExtension on FBSSceneSettings
2026-09-04 23:31:15.265 Df Babytuna[71278:4e19aa] [com.apple.FrontBoard:Common] <FBSWorkspaceScenesClient:0x60000300c2d0 com.apple.frontboard.systemappservices> sent handshake
2026-09-04 23:31:15.266 Df Babytuna[71278:4e1b09] [com.apple.FrontBoard:SceneExtension] Realizing settings extension _UISceneSafeAreaSettingsExtension on FBSSceneSettings
2026-09-04 23:31:15.266 Df Babytuna[71278:4e19aa] [com.apple.runningboard:general] Added observer for process assertions expiration warning: <_RBSExpirationWarningClient: 0x600000206fc0>
2026-09-04 23:31:15.267 Df Babytuna[71278:4e1b09] [com.apple.FrontBoard:SceneExtension] Realizing settings extension _UISceneLayoutPreferenceClientSettingsExtension on FBSSceneClientSettings
2026-09-04 23:31:15.268 Df Babytuna[71278:4e1b09] [com.apple.FrontBoard:SceneExtension] Realizing settings extension <_UIHomeAffordanceHostSceneSettings> on FBSSceneSettings
2026-09-04 23:31:15.268 Df Babytuna[71278:4e1b09] [com.apple.FrontBoard:SceneExtension] Realizing settings extension _UISystemShellSceneHostingEnvironmentSettings on FBSSceneSettings
2026-09-04 23:31:15.268 Df Babytuna[71278:4e1b09] [com.apple.FrontBoard:SceneExtension] Realizing settings extension _UISceneRenderingEnvironmentSettings on FBSSceneSettings
2026-09-04 23:31:15.269 Df Babytuna[71278:4e19aa] [com.apple.UIKit:UIScreen] Evaluated capturing state as 0 on <UIScreen: 0x1067077a0> for initial
2026-09-04 23:31:15.269 Df Babytuna[71278:4e19aa] [com.apple.UIKit:UIScreen] Evaluated capturing state as 0 on <UIScreen: 0x1067077a0> for CADisplay KVO
2026-09-04 23:31:15.269 Df Babytuna[71278:4e1b09] [com.apple.FrontBoard:SceneExtension] Realizing settings extension <_UISceneRenderingEnvironmentClientSettings> on FBSSceneClientSettings
2026-09-04 23:31:15.269 Df Babytuna[71278:4e1b09] [com.apple.FrontBoard:SceneExtension] Realizing settings extension <_UISceneTransitioningHostSettings> on FBSSceneSettings
2026-09-04 23:31:15.270 Df Babytuna[71278:4e1b09] [com.apple.FrontBoard:SceneExtension] Realizing settings extension <_UISceneFocusSystemSettings> on FBSSceneSettings
2026-09-04 23:31:15.270 Df Babytuna[71278:4e19aa] [com.apple.Accessibility:AXSupportCommon] Read CategoryName: per-app = 1, category name = (null)
2026-09-04 23:31:15.270 Df Babytuna[71278:4e1b09] [com.apple.FrontBoard:SceneExtension] Realizing settings extension _UISceneOrientationSettingsExtension on FBSSceneSettings
2026-09-04 23:31:15.270 Df Babytuna[71278:4e1b09] [com.apple.FrontBoard:SceneExtension] Realizing settings extension _UISceneOrientationClientSettingsExtension on FBSSceneClientSettings
2026-09-04 23:31:15.270 Df Babytuna[71278:4e19aa] [com.apple.Accessibility:AXSupportCommon] Read CategoryName: per-app = 0, category name = (null)
2026-09-04 23:31:15.270 Df Babytuna[71278:4e1b09] [com.apple.FrontBoard:SceneExtension] Realizing settings extension _UISceneWindowingControlClientSettings on FBSSceneClientSettings
2026-09-04 23:31:15.271 Df Babytuna[71278:4e1b09] [com.apple.FrontBoard:SceneExtension] Realizing settings extension <_UISceneHostingContentSizePreferenceClientSettings> on FBSSceneClientSettings
2026-09-04 23:31:15.271 Df Babytuna[71278:4e1b09] [com.apple.FrontBoard:SceneExtension] Realizing settings extension _UISceneHostingTraitCollectionPropagationSettings on FBSSceneSettings
2026-09-04 23:31:15.272 Df Babytuna[71278:4e1b09] [com.apple.FrontBoard:SceneExtension] Realizing settings extension <_UISceneHostingSheetPresentationSettings> on FBSSceneSettings
2026-09-04 23:31:15.273 Df Babytuna[71278:4e1b09] [com.apple.FrontBoard:SceneExtension] Realizing settings extension <_UISceneHostingSheetPresentationClientSettings> on FBSSceneClientSettings
2026-09-04 23:31:15.273 Df Babytuna[71278:4e1b09] [com.apple.FrontBoard:SceneExtension] Realizing settings extension <_UISceneHostingEventDeferringSettings> on FBSSceneSettings
2026-09-04 23:31:15.273 Df Babytuna[71278:4e1b09] [com.apple.FrontBoard:SceneExtension] Realizing settings extension <UIKit__UITypedKeyValueSceneSettings> on FBSSceneSettings
2026-09-04 23:31:15.273 Df Babytuna[71278:4e1b09] [com.apple.FrontBoard:SceneExtension] Realizing settings extension <UIKit__UITypedKeyValueSceneSettings> on FBSSceneClientSettings
2026-09-04 23:31:15.273 Df Babytuna[71278:4e1b09] [com.apple.FrontBoard:SceneExtension] Realizing settings extension <_UISceneHostingViewControllerPreferencePropagationClientSettings> on FBSSceneClientSettings
2026-09-04 23:31:15.273 Df Babytuna[71278:4e1b09] [com.apple.FrontBoard:SceneExtension] Realizing settings extension <_UISceneZoomTransitionSettings> on FBSSceneSettings
2026-09-04 23:31:15.274 Df Babytuna[71278:4e1b3a] [com.apple.FrontBoard:SceneExtension] Realizing settings extension FBSSceneSettingsCore on FBSSceneSettings
2026-09-04 23:31:15.275 Df Babytuna[71278:4e1b3a] [com.apple.FrontBoard:SceneExtension] Realizing settings extension FBSSceneClientSettingsCore on FBSSceneClientSettings
2026-09-04 23:31:15.290 Df Babytuna[71278:4e1b3a] [com.apple.FrontBoard:SceneExtension] UIMutableApplicationSceneSettings setting counterpart class: UIApplicationSceneSettings
2026-09-04 23:31:15.292 Df Babytuna[71278:4e1b3a] [com.apple.FrontBoard:SceneExtension] UIMutableApplicationSceneClientSettings setting counterpart class: UIApplicationSceneClientSettings
2026-09-04 23:31:15.292 Df Babytuna[71278:4e1b3a] [com.apple.FrontBoard:SceneExtension] Realizing settings extension FBSSceneTransitionContextCore on FBSSceneTransitionContext
2026-09-04 23:31:15.321 A  Babytuna[71278:4e1b09] (CoreFoundation) Updating Key-Value Observers Of Preferences
2026-09-04 23:31:15.341 Df Babytuna[71278:4e19aa] [com.apple.dt.xctest:Default] Registering for test daemon availability notify post.
2026-09-04 23:31:15.341 Df Babytuna[71278:4e19aa] [com.apple.dt.xctest:Default] notify_get_state check indicated test daemon not ready.
2026-09-04 23:31:15.341 Df Babytuna[71278:4e19aa] [com.apple.dt.xctest:Default] notify_get_state check indicated test daemon not ready.
2026-09-04 23:31:15.342 Df Babytuna[71278:4e19aa] [com.apple.dt.xctest:Default] notify_get_state check indicated test daemon not ready.
2026-09-04 23:31:15.342 Df Babytuna[71278:4e19aa] [com.apple.UIKit:UpdateScheduler] Selected display: name=LCD (PurpleMain), id=1
2026-09-04 23:31:15.346 Df Babytuna[71278:4e19aa] [com.apple.UIKit:Application] Deactivation reason added: 5; deactivation reasons: 1024 -> 1056; animating application lifecycle event: 1
2026-09-04 23:31:15.381 Df Babytuna[71278:4e19aa] [com.apple.UIKit:InterfaceStyle] Not push traits update to screen for new style 1, <UIWindowScene: 0x10670cac0> (4B2AE613-A12C-49B6-AEC8-6FECEB2DE858)
2026-09-04 23:31:15.381 Df Babytuna[71278:4e19aa] [com.apple.UIKit:InterfaceStyle] Should send trait collection or coordinate space update, interface style 1 -> 1, <UIWindowScene: 0x10670cac0> (4B2AE613-A12C-49B6-AEC8-6FECEB2DE858)
2026-09-04 23:31:15.383 Df Babytuna[71278:4e19aa] [com.apple.UIKit:InterfaceStyle] Not push traits update to screen for new style 1, <UIWindowScene: 0x10670cac0> (4B2AE613-A12C-49B6-AEC8-6FECEB2DE858)
2026-09-04 23:31:15.383 Df Babytuna[71278:4e19aa] [com.apple.UIKit:HomeAffordanceObservation] Initializing: <_UIHomeAffordanceSceneNotifier: 0x6000029063e0>; with scene: <UIWindowScene: 0x10670cac0>
2026-09-04 23:31:15.383 Df Babytuna[71278:4e19aa] [com.apple.BacklightServices:scenes] 0x600000c363d0 setDelegate:<0x600000c35920 _UIBacklightEnvironment> hasDelegate:YES for environment:sceneID:com.babytuna.systems-default
2026-09-04 23:31:15.383 Df Babytuna[71278:4e19aa] [com.apple.UIKit:InterfaceStyle] Not push traits update to screen for new style 1, <UIWindowScene: 0x10670cac0> (4B2AE613-A12C-49B6-AEC8-6FECEB2DE858)
2026-09-04 23:31:15.384 Df Babytuna[71278:4e19aa] [com.apple.UIKit:EventDeferring] [0x6000029247e0] Initialized with scene: <UIWindowScene: 0x10670cac0>; behavior: <_UIEventDeferringBehavior_iOS: 0x6000002474e0>; availableForProcess: 1, systemShellManagesKeyboardFocus: 1
2026-09-04 23:31:15.385 Df Babytuna[71278:4e19aa] [com.apple.BoardServices:XPCErrors] [C:2] Alloc com.apple.backboard.hid-services.xpc
2026-09-04 23:31:15.385 Df Babytuna[71278:4e19aa] [com.apple.xpc:connection] [0x10630b9d0] activating connection: mach=false listener=false peer=false name=(anonymous)
2026-09-04 23:31:15.386 Df Babytuna[71278:4e1b3a] [com.apple.BackBoard:EventDelivery] BKSHIDEventObserver - connection activation
2026-09-04 23:31:15.386 Df Babytuna[71278:4e19aa] [com.apple.BackBoard:EventDelivery] policyStatus:<BKSHIDEventDeliveryPolicyObserver: 0x60000260d860; process scope; status: target> was:none
2026-09-04 23:31:15.386 Df Babytuna[71278:4e19aa] [com.apple.UIKit:KeyWindow] Setting default evaluation strategy for UIUserInterfaceIdiomPhone to LastOneWins
2026-09-04 23:31:15.386 Df Babytuna[71278:4e19aa] [com.apple.UIKit:KeyWindow] Scene target of keyboard event deferring environment did change: 1; scene: UIWindowScene: 0x10670cac0; scene identity: com.apple.frontboard.systemappservices/FBSceneManager:sceneID%3Acom.babytuna.systems-default
2026-09-04 23:31:15.386 Df Babytuna[71278:4e19aa] [com.apple.UIKit:EventDeferring] [0x6000029247e0] Scene target of event deferring environments did update: scene: 0x10670cac0; current systemShellManagesKeyboardFocus: 1; systemShellManagesKeyboardFocusForScene: 1; eligibleForRecordRemoval: 1;
2026-09-04 23:31:15.386 Df Babytuna[71278:4e19aa] [com.apple.UIKit:KeyWindow] Scene became target of keyboard event deferring environment: UIWindowScene: 0x10670cac0; scene identity: com.apple.frontboard.systemappservices/FBSceneManager:sceneID%3Acom.babytuna.systems-default
2026-09-04 23:31:15.386 Df Babytuna[71278:4e19aa] [com.apple.UIKit:KeyWindow] Stack[KeyWindow] 0x600000c371b0: Taking no further action for migration from LastOneWins -> SystemShellManaged as there are no scenes
2026-09-04 23:31:15.386 Df Babytuna[71278:4e19aa] [com.apple.UIKit:KeyWindow] Setting default evaluation strategy for UIUserInterfaceIdiomPhone to SystemShellManaged
2026-09-04 23:31:15.386 Df Babytuna[71278:4e19aa] [com.apple.UIKit:KeyWindow] Key window needs update: 0; currentKeyWindowScene: 0x0; evaluatedKeyWindowScene: 0x10670cac0; currentApplicationKeyWindow: 0x0; evaluatedApplicationKeyWindow: 0x0; reason: UIWindowScene: 0x10670cac0: Window scene became target of keyboard environment
2026-09-04 23:31:15.386 Df Babytuna[71278:4e19aa] [com.apple.UIKit:InterfaceStyle] Not push traits update to screen for new style 1, <UIWindowScene: 0x10670cac0> (4B2AE613-A12C-49B6-AEC8-6FECEB2DE858)
2026-09-04 23:31:15.387 Df Babytuna[71278:4e19aa] [com.apple.UIKit:InterfaceStyle] Not push traits update to screen for new style 1, <UIWindowScene: 0x10670cac0> (4B2AE613-A12C-49B6-AEC8-6FECEB2DE858)
2026-09-04 23:31:15.387 Df Babytuna[71278:4e19aa] [com.apple.UIKit:InterfaceStyle] Not push traits update to screen for new style 1, <UIWindowScene: 0x10670cac0> (4B2AE613-A12C-49B6-AEC8-6FECEB2DE858)
2026-09-04 23:31:15.388 F  Babytuna[71278:4e19aa] [com.apple.runtime-issues:UIKit App Config] `UIScene` lifecycle will soon be required. Failure to adopt will result in an assert in the future.
2026-09-04 23:31:15.388 A  Babytuna[71278:4e19aa] (libsystem_trace.dylib) Activity for state dumps
2026-09-04 23:31:15.388 Df Babytuna[71278:4e19aa] [com.apple.UIKit:InterfaceStyle] Not push traits update to screen for new style 1, <UIWindowScene: 0x10670cac0> (4B2AE613-A12C-49B6-AEC8-6FECEB2DE858)
2026-09-04 23:31:15.389 Df Babytuna[71278:4e19aa] [com.apple.UIKit:AppLifecycle] sceneOfRecord: sceneID: sceneID:com.babytuna.systems-default  persistentID: 4B2AE613-A12C-49B6-AEC8-6FECEB2DE858
2026-09-04 23:31:15.389 Df Babytuna[71278:4e19aa] [com.apple.UIKit:Application] Ignoring already applied deactivation reason: 5; deactivation reasons: 1056
2026-09-04 23:31:15.389 Df Babytuna[71278:4e19aa] [com.apple.UIKit:Application] Deactivation reason added: 11; deactivation reasons: 1056 -> 3104; animating application lifecycle event: 1
2026-09-04 23:31:15.390 Df Babytuna[71278:4e19aa] [com.apple.KeyboardArbiter:Client] startConnection
2026-09-04 23:31:15.390 Df Babytuna[71278:4e19aa] [com.apple.xpc:connection] [0x1067078e0] activating connection: mach=true listener=false peer=false name=com.apple.UIKit.KeyboardManagement.hosted
2026-09-04 23:31:15.391 Df Babytuna[71278:4e19aa] (UIKitCore) You've implemented -[<UIApplicationDelegate> application:performFetchWithCompletionHandler:], but you still need to add "fetch" to the list of your supported UIBackgroundModes in your Info.plist.
2026-09-04 23:31:15.391 Df Babytuna[71278:4e19aa] (UIKitCore) You've implemented -[<UIApplicationDelegate> application:didReceiveRemoteNotification:fetchCompletionHandler:], but you still need to add "remote-notification" to the list of your supported UIBackgroundModes in your Info.plist.
2026-09-04 23:31:15.392 Df Babytuna[71278:4e19aa] (React) _setUpFeatureFlags called with release level 2
2026-09-04 23:31:15.440 Df Babytuna[71278:4e1b3f] (CoreFoundation) *** Terminating app due to uncaught exception 'NSInternalInconsistencyException', reason: 'The embedded manifest is invalid or could not be read. Make sure you have configured expo-updates correctly in your Xcode Build Phases.'
*** First throw call stack:
(
	0   CoreFoundation                      0x00000001804f71d0 __exceptionPreprocess + 172
	1   libobjc.A.dylib                     0x000000018009c094 objc_exception_throw + 72
	2   CoreFoundation                      0x00000001804f6d64 -[NSException init] + 0
	3   Babytuna                            0x0000000104cdc7a0 $s9EXUpdates17EmbeddedAppLoaderC06cachedB8Manifest33_5548F8BF9BC26DF80B6195372447C757LL10withConfig8databaseAA0B6UpdateCAA07UpdatesN0C_AA0Q8DatabaseCSgtFZTf4nnd_n + 1412
	4   Babytuna                            0x0000000104cb3314 $s9EXUpdates23AppLauncherWithDatabaseC16launchableUpdate10withConfig8database15selectionPolicy15completionQueue0M0yAA07UpdatesI0C_AA0oE0CAA09SelectionL0CSo17OS_dispatch_queueCyAA0O5ErrorOSg_AA0G0	5   Babytuna <…>
2026-09-04 23:31:15.450 Df Babytuna[71278:4e19aa] [com.apple.UIKit:Orientation] <UIWindowScene: 0x10670cac0> (4B2AE613-A12C-49B6-AEC8-6FECEB2DE858) Scene updated orientation preferences: none -> ( Pu )
2026-09-04 23:31:15.452 Df Babytuna[71278:4e19aa] [com.apple.UIKit:KeyWindow] Key window API is scene-level: YES
2026-09-04 23:31:15.452 Df Babytuna[71278:4e19aa] [com.apple.UIKit:KeyWindow] UIWindowScene: 0x10670cac0: Window became key in scene: UIWindow: 0x106808a60; contextId: 0xD17156CD: reason: UIWindowScene: 0x10670cac0: Window requested to become key in scene: 0x106808a60
2026-09-04 23:31:15.452 Df Babytuna[71278:4e19aa] [com.apple.UIKit:KeyWindow] Key window needs update: 1; currentKeyWindowScene: 0x0; evaluatedKeyWindowScene: 0x10670cac0; currentApplicationKeyWindow: 0x0; evaluatedApplicationKeyWindow: 0x106808a60; reason: UIWindowScene: 0x10670cac0: Window requested to become key in scene: 0x106808a60
2026-09-04 23:31:15.452 Df Babytuna[71278:4e19aa] [com.apple.UIKit:KeyWindow] Window did become application key: UIWindow: 0x106808a60; contextId: 0xD17156CD; scene identity: com.apple.frontboard.systemappservices/FBSceneManager:sceneID%3Acom.babytuna.systems-default
2026-09-04 23:31:15.452 Df Babytuna[71278:4e19aa] [com.apple.UIKit:EventDeferring] [0x6000029247e0] Begin local event deferring requested for token: 0x600002604900; environments: 1; reason: UIWindowScene: 0x10670cac0: Begin event deferring in keyboardFocus for window: 0x106808a60
2026-09-04 23:31:15.453 Df Babytuna[71278:4e1b3c] [com.apple.BackBoard:EventDelivery] BKSHIDEventDeliveryManager - connection activation
2026-09-04 23:31:15.455 Df Babytuna[71278:4e1b3c] [com.apple.BackBoard:EventDelivery] policyStatus:<BKSHIDEventDeliveryPolicyObserver: 0x60000260d860; token: com.apple.frontboard.systemappservices/FBSceneManager:sceneID%3Acom.babytuna.systems-default; status: ancestor> was:target
2026-09-04 23:31:15.456 Df Babytuna[71278:4e19aa] [com.apple.UIKit:Application] Deactivation reason removed: 10; deactivation reasons: 3104 -> 2080; animating application lifecycle event: 1
2026-09-04 23:31:15.457 Df Babytuna[71278:4e19aa] [com.apple.UIKit:Application] Deactivation reason added: 12; deactivation reasons: 2080 -> 6176; animating application lifecycle event: 1
2026-09-04 23:31:15.457 Df Babytuna[71278:4e19aa] [com.apple.UIKit:Application] Deactivation reason removed: 11; deactivation reasons: 6176 -> 4128; animating application lifecycle event: 1
2026-09-04 23:31:15.457 Df Babytuna[71278:4e19aa] [com.apple.FrontBoard:SceneExtension] Realizing settings extension <_UISceneIntelligenceSupportSettings> on FBSSceneSettings
2026-09-04 23:31:15.459 Df Babytuna[71278:4e19aa] [com.apple.UIKit:InterfaceStyle] Not push traits update to screen for new style 1, <UIWindowScene: 0x10670cac0> (4B2AE613-A12C-49B6-AEC8-6FECEB2DE858)
2026-09-04 23:31:15.460 Df Babytuna[71278:4e1b09] [com.apple.UIIntelligenceSupport:xpc] establishing connection to agent
2026-09-04 23:31:15.460 Df Babytuna[71278:4e1b09] [com.apple.xpc:session] [0x600002103020] Session created.
2026-09-04 23:31:15.460 Df Babytuna[71278:4e1b09] [com.apple.xpc:session] [0x600002103020] Session created from connection [0x106507170]
2026-09-04 23:31:15.947 Df Babytuna[71292:4e1bd5] [com.apple.xpc:connection] [0x106704280] activating connection: mach=true listener=false peer=false name=com.apple.cfprefsd.daemon
2026-09-04 23:31:15.949 Df Babytuna[71292:4e1bd5] [com.apple.UserNotifications:Connections] [com.babytuna.systems] Creating a user notification center
2026-09-04 23:31:15.951 Df Babytuna[71292:4e1bd5] (libMobileGestalt.dylib) No persisted cache on this platform.
2026-09-04 23:31:15.951 A  Babytuna[71292:4e1d4a] (CoreFoundation) Loading Preferences From User Session CFPrefsD
2026-09-04 23:31:15.952 Df Babytuna[71292:4e1d4b] [com.apple.BoardServices:XPCErrors] [C:1] Alloc com.apple.frontboard.systemappservices
2026-09-04 23:31:15.952 Df Babytuna[71292:4e1d4b] [com.apple.xpc:connection] [0x107504820] activating connection: mach=false listener=false peer=false name=(anonymous)
2026-09-04 23:31:15.952 Df Babytuna[71292:4e1d3b] [com.apple.UIKit:BackgroundTask] Creating new assertion because there is no existing background assertion.
2026-09-04 23:31:15.959 Df Babytuna[71292:4e1d3b] [com.apple.UIKit:BackgroundTask] Creating new background assertion
2026-09-04 23:31:15.959 Df Babytuna[71292:4e1d3b] [com.apple.UIKit:BackgroundTask] Created new background assertion <BKSProcessAssertion: 0x60000211af30>
2026-09-04 23:31:15.959 Df Babytuna[71292:4e1d3b] [com.apple.runningboard:connection] Initializing connection
2026-09-04 23:31:15.959 Df Babytuna[71292:4e1d3b] [com.apple.runningboard:process] Removing all cached process handles
2026-09-04 23:31:15.959 Df Babytuna[71292:4e1d4c] [com.apple.runningboard:connection] Sending handshake request attempt #1 to server
2026-09-04 23:31:15.959 Df Babytuna[71292:4e1d4c] [com.apple.runningboard:connection] Creating connection to com.apple.runningboard
2026-09-04 23:31:15.959 Df Babytuna[71292:4e1d4c] [com.apple.xpc:connection] [0x106b04620] activating connection: mach=true listener=false peer=false name=com.apple.runningboard
2026-09-04 23:31:15.960 Df Babytuna[71292:4e1bd5] [com.apple.UIKit:Application] Deactivation reason added: 10; deactivation reasons: 0 -> 1024; animating application lifecycle event: 0
2026-09-04 23:31:15.960 Df Babytuna[71292:4e1bd5] [com.apple.BoardServices:Injection] activating monitor for service com.apple.frontboard.open
2026-09-04 23:31:15.960 Df Babytuna[71292:4e1bd5] [com.apple.BoardServices:Injection] activating monitor for service com.apple.frontboard.workspace-service
2026-09-04 23:31:15.960 Df Babytuna[71292:4e1bd5] [com.apple.FrontBoard:Common] FBSWorkspace registering source: com.apple.frontboard.systemappservices
2026-09-04 23:31:15.962 A  Babytuna[71292:4e1d4b] (RunningBoardServices) didChangeInheritances
2026-09-04 23:31:15.962 Df Babytuna[71292:4e1d4c] [com.apple.runningboard:connection] Handshake succeeded
2026-09-04 23:31:15.962 Df Babytuna[71292:4e1d4c] [com.apple.runningboard:connection] Identity resolved as app<com.babytuna.systems((null))>
2026-09-04 23:31:15.963 Df Babytuna[71292:4e1bd5] [com.apple.FrontBoard:Common] FBSWorkspace connected to endpoint : <BSServiceConnectionEndpoint: 0x600000211100; target: com.apple.frontboard.systemappservices; service: com.apple.frontboard.workspace-service>
2026-09-04 23:31:15.963 Df Babytuna[71292:4e1bd5] [com.apple.FrontBoard:Common] <FBSWorkspaceScenesClient:0x60000300c090 com.apple.frontboard.systemappservices> attempting immediate handshake from activate
2026-09-04 23:31:15.963 Df Babytuna[71292:4e1bd5] [com.apple.FrontBoard:Common] <FBSWorkspaceScenesClient:0x60000300c090 com.apple.frontboard.systemappservices> sent handshake
2026-09-04 23:31:15.963 Df Babytuna[71292:4e1d3b] [com.apple.UIKit:BackgroundTask] Incrementing reference count for background assertion <BKSProcessAssertion: 0x60000211af30>
2026-09-04 23:31:15.963 Df Babytuna[71292:4e1d3b] [com.apple.UIKit:BackgroundTask] Created background task <_UIBackgroundTaskInfo: 0x600001730d80>: taskID = 1, taskName = Launch Background Task for Coalescing, creationTime = 148135 (elapsed = 0).
2026-09-04 23:31:15.963 Df Babytuna[71292:4e1bd5] [com.apple.runningboard:general] Added observer for process assertions expiration warning: <_RBSExpirationWarningClient: 0x60000020f5c0>
2026-09-04 23:31:15.963 Df Babytuna[71292:4e1d3b] [com.apple.FrontBoard:SceneExtension] Realizing settings extension _UIApplicationSceneKeyboardSettings on FBSSceneSettings
2026-09-04 23:31:15.964 Df Babytuna[71292:4e1d3b] [com.apple.FrontBoard:SceneExtension] Realizing settings extension <_UISceneOcclusionSettings> on FBSSceneSettings
2026-09-04 23:31:15.964 Df Babytuna[71292:4e1d3b] [com.apple.FrontBoard:SceneExtension] Realizing settings extension <_UISceneInterfaceProtectionSettings> on FBSSceneSettings
2026-09-04 23:31:15.964 Df Babytuna[71292:4e1d3b] [com.apple.FrontBoard:SceneExtension] Realizing settings extension _UISceneLayoutPreferencesHostSettingsExtension on FBSSceneSettings
2026-09-04 23:31:15.964 Df Babytuna[71292:4e1d3b] [com.apple.FrontBoard:SceneExtension] Realizing settings extension _UISceneSafeAreaSettingsExtension on FBSSceneSettings
2026-09-04 23:31:15.964 Df Babytuna[71292:4e1d3b] [com.apple.FrontBoard:SceneExtension] Realizing settings extension _UISceneLayoutPreferenceClientSettingsExtension on FBSSceneClientSettings
2026-09-04 23:31:15.964 Df Babytuna[71292:4e1d3b] [com.apple.FrontBoard:SceneExtension] Realizing settings extension <_UIHomeAffordanceHostSceneSettings> on FBSSceneSettings
2026-09-04 23:31:15.965 Df Babytuna[71292:4e1d3b] [com.apple.FrontBoard:SceneExtension] Realizing settings extension _UISystemShellSceneHostingEnvironmentSettings on FBSSceneSettings
2026-09-04 23:31:15.965 Df Babytuna[71292:4e1d3b] [com.apple.FrontBoard:SceneExtension] Realizing settings extension _UISceneRenderingEnvironmentSettings on FBSSceneSettings
2026-09-04 23:31:15.965 Df Babytuna[71292:4e1d3b] [com.apple.FrontBoard:SceneExtension] Realizing settings extension <_UISceneRenderingEnvironmentClientSettings> on FBSSceneClientSettings
2026-09-04 23:31:15.965 Df Babytuna[71292:4e1d3b] [com.apple.FrontBoard:SceneExtension] Realizing settings extension <_UISceneTransitioningHostSettings> on FBSSceneSettings
2026-09-04 23:31:15.965 Df Babytuna[71292:4e1d3b] [com.apple.FrontBoard:SceneExtension] Realizing settings extension <_UISceneFocusSystemSettings> on FBSSceneSettings
2026-09-04 23:31:15.965 Df Babytuna[71292:4e1bd5] [com.apple.UIKit:UIScreen] Evaluated capturing state as 0 on <UIScreen: 0x106704da0> for initial
2026-09-04 23:31:15.965 Df Babytuna[71292:4e1d3b] [com.apple.FrontBoard:SceneExtension] Realizing settings extension _UISceneOrientationSettingsExtension on FBSSceneSettings
2026-09-04 23:31:15.965 Df Babytuna[71292:4e1d3b] [com.apple.FrontBoard:SceneExtension] Realizing settings extension _UISceneOrientationClientSettingsExtension on FBSSceneClientSettings
2026-09-04 23:31:15.965 Df Babytuna[71292:4e1bd5] [com.apple.UIKit:UIScreen] Evaluated capturing state as 0 on <UIScreen: 0x106704da0> for CADisplay KVO
2026-09-04 23:31:15.965 Df Babytuna[71292:4e1d3b] [com.apple.FrontBoard:SceneExtension] Realizing settings extension _UISceneWindowingControlClientSettings on FBSSceneClientSettings
2026-09-04 23:31:15.966 Df Babytuna[71292:4e1d3b] [com.apple.FrontBoard:SceneExtension] Realizing settings extension <_UISceneHostingContentSizePreferenceClientSettings> on FBSSceneClientSettings
2026-09-04 23:31:15.966 Df Babytuna[71292:4e1d3b] [com.apple.FrontBoard:SceneExtension] Realizing settings extension _UISceneHostingTraitCollectionPropagationSettings on FBSSceneSettings
2026-09-04 23:31:15.966 Df Babytuna[71292:4e1d3b] [com.apple.FrontBoard:SceneExtension] Realizing settings extension <_UISceneHostingSheetPresentationSettings> on FBSSceneSettings
2026-09-04 23:31:15.966 Df Babytuna[71292:4e1d3b] [com.apple.FrontBoard:SceneExtension] Realizing settings extension <_UISceneHostingSheetPresentationClientSettings> on FBSSceneClientSettings
2026-09-04 23:31:15.966 Df Babytuna[71292:4e1d3b] [com.apple.FrontBoard:SceneExtension] Realizing settings extension <_UISceneHostingEventDeferringSettings> on FBSSceneSettings
2026-09-04 23:31:15.967 Df Babytuna[71292:4e1d3b] [com.apple.FrontBoard:SceneExtension] Realizing settings extension <UIKit__UITypedKeyValueSceneSettings> on FBSSceneSettings
2026-09-04 23:31:15.967 Df Babytuna[71292:4e1d3b] [com.apple.FrontBoard:SceneExtension] Realizing settings extension <UIKit__UITypedKeyValueSceneSettings> on FBSSceneClientSettings
2026-09-04 23:31:15.967 Df Babytuna[71292:4e1d3b] [com.apple.FrontBoard:SceneExtension] Realizing settings extension <_UISceneHostingViewControllerPreferencePropagationClientSettings> on FBSSceneClientSettings
2026-09-04 23:31:15.968 Df Babytuna[71292:4e1d3b] [com.apple.FrontBoard:SceneExtension] Realizing settings extension <_UISceneZoomTransitionSettings> on FBSSceneSettings
2026-09-04 23:31:15.968 Df Babytuna[71292:4e1bd5] [com.apple.Accessibility:AXSupportCommon] Read CategoryName: per-app = 1, category name = (null)
2026-09-04 23:31:15.968 Df Babytuna[71292:4e1d4c] [com.apple.FrontBoard:SceneExtension] Realizing settings extension FBSSceneSettingsCore on FBSSceneSettings
2026-09-04 23:31:15.969 Df Babytuna[71292:4e1bd5] [com.apple.Accessibility:AXSupportCommon] Read CategoryName: per-app = 0, category name = (null)
2026-09-04 23:31:15.969 Df Babytuna[71292:4e1d4c] [com.apple.FrontBoard:SceneExtension] Realizing settings extension FBSSceneClientSettingsCore on FBSSceneClientSettings
2026-09-04 23:31:15.985 Df Babytuna[71292:4e1d4c] [com.apple.FrontBoard:SceneExtension] UIMutableApplicationSceneSettings setting counterpart class: UIApplicationSceneSettings
2026-09-04 23:31:15.986 Df Babytuna[71292:4e1d4c] [com.apple.FrontBoard:SceneExtension] UIMutableApplicationSceneClientSettings setting counterpart class: UIApplicationSceneClientSettings
2026-09-04 23:31:15.986 Df Babytuna[71292:4e1d4c] [com.apple.FrontBoard:SceneExtension] Realizing settings extension FBSSceneTransitionContextCore on FBSSceneTransitionContext
2026-09-04 23:31:16.006 A  Babytuna[71292:4e1d4c] (CoreFoundation) Updating Key-Value Observers Of Preferences
2026-09-04 23:31:16.013 Df Babytuna[71292:4e1bd5] [com.apple.dt.xctest:Default] Registering for test daemon availability notify post.
2026-09-04 23:31:16.013 Df Babytuna[71292:4e1bd5] [com.apple.dt.xctest:Default] notify_get_state check indicated test daemon not ready.
2026-09-04 23:31:16.013 Df Babytuna[71292:4e1bd5] [com.apple.dt.xctest:Default] notify_get_state check indicated test daemon not ready.
2026-09-04 23:31:16.013 Df Babytuna[71292:4e1bd5] [com.apple.dt.xctest:Default] notify_get_state check indicated test daemon not ready.
2026-09-04 23:31:16.014 Df Babytuna[71292:4e1bd5] [com.apple.UIKit:UpdateScheduler] Selected display: name=LCD (PurpleMain), id=1
2026-09-04 23:31:16.015 Df Babytuna[71292:4e1bd5] [com.apple.UIKit:Application] Deactivation reason added: 5; deactivation reasons: 1024 -> 1056; animating application lifecycle event: 1
2026-09-04 23:31:16.015 Df Babytuna[71292:4e1bd5] [com.apple.UIKit:InterfaceStyle] Not push traits update to screen for new style 1, <UIWindowScene: 0x107409e80> (4B2AE613-A12C-49B6-AEC8-6FECEB2DE858)
2026-09-04 23:31:16.015 Df Babytuna[71292:4e1bd5] [com.apple.UIKit:InterfaceStyle] Should send trait collection or coordinate space update, interface style 1 -> 1, <UIWindowScene: 0x107409e80> (4B2AE613-A12C-49B6-AEC8-6FECEB2DE858)
2026-09-04 23:31:16.016 Df Babytuna[71292:4e1bd5] [com.apple.UIKit:InterfaceStyle] Not push traits update to screen for new style 1, <UIWindowScene: 0x107409e80> (4B2AE613-A12C-49B6-AEC8-6FECEB2DE858)
2026-09-04 23:31:16.016 Df Babytuna[71292:4e1bd5] [com.apple.UIKit:HomeAffordanceObservation] Initializing: <_UIHomeAffordanceSceneNotifier: 0x6000029243f0>; with scene: <UIWindowScene: 0x107409e80>
2026-09-04 23:31:16.016 Df Babytuna[71292:4e1bd5] [com.apple.BacklightServices:scenes] 0x600000c10c60 setDelegate:<0x600000c108a0 _UIBacklightEnvironment> hasDelegate:YES for environment:sceneID:com.babytuna.systems-default
2026-09-04 23:31:16.016 Df Babytuna[71292:4e1bd5] [com.apple.UIKit:InterfaceStyle] Not push traits update to screen for new style 1, <UIWindowScene: 0x107409e80> (4B2AE613-A12C-49B6-AEC8-6FECEB2DE858)
2026-09-04 23:31:16.016 Df Babytuna[71292:4e1bd5] [com.apple.UIKit:EventDeferring] [0x600002924460] Initialized with scene: <UIWindowScene: 0x107409e80>; behavior: <_UIEventDeferringBehavior_iOS: 0x600000219680>; availableForProcess: 1, systemShellManagesKeyboardFocus: 1
2026-09-04 23:31:16.017 Df Babytuna[71292:4e1bd5] [com.apple.BoardServices:XPCErrors] [C:2] Alloc com.apple.backboard.hid-services.xpc
2026-09-04 23:31:16.017 Df Babytuna[71292:4e1bd5] [com.apple.xpc:connection] [0x1075052f0] activating connection: mach=false listener=false peer=false name=(anonymous)
2026-09-04 23:31:16.018 Df Babytuna[71292:4e1d4a] [com.apple.BackBoard:EventDelivery] BKSHIDEventObserver - connection activation
2026-09-04 23:31:16.018 Df Babytuna[71292:4e1bd5] [com.apple.BackBoard:EventDelivery] policyStatus:<BKSHIDEventDeliveryPolicyObserver: 0x600002610180; process scope; status: target> was:none
2026-09-04 23:31:16.054 Df Babytuna[71292:4e1bd5] [com.apple.UIKit:KeyWindow] Setting default evaluation strategy for UIUserInterfaceIdiomPhone to LastOneWins
2026-09-04 23:31:16.054 Df Babytuna[71292:4e1bd5] [com.apple.UIKit:KeyWindow] Scene target of keyboard event deferring environment did change: 1; scene: UIWindowScene: 0x107409e80; scene identity: com.apple.frontboard.systemappservices/FBSceneManager:sceneID%3Acom.babytuna.systems-default
2026-09-04 23:31:16.054 Df Babytuna[71292:4e1bd5] [com.apple.UIKit:EventDeferring] [0x600002924460] Scene target of event deferring environments did update: scene: 0x107409e80; current systemShellManagesKeyboardFocus: 1; systemShellManagesKeyboardFocusForScene: 1; eligibleForRecordRemoval: 1;
2026-09-04 23:31:16.054 Df Babytuna[71292:4e1bd5] [com.apple.UIKit:KeyWindow] Scene became target of keyboard event deferring environment: UIWindowScene: 0x107409e80; scene identity: com.apple.frontboard.systemappservices/FBSceneManager:sceneID%3Acom.babytuna.systems-default
2026-09-04 23:31:16.054 Df Babytuna[71292:4e1bd5] [com.apple.UIKit:KeyWindow] Stack[KeyWindow] 0x600000c4c030: Taking no further action for migration from LastOneWins -> SystemShellManaged as there are no scenes
2026-09-04 23:31:16.054 Df Babytuna[71292:4e1bd5] [com.apple.UIKit:KeyWindow] Setting default evaluation strategy for UIUserInterfaceIdiomPhone to SystemShellManaged
2026-09-04 23:31:16.054 Df Babytuna[71292:4e1bd5] [com.apple.UIKit:KeyWindow] Key window needs update: 0; currentKeyWindowScene: 0x0; evaluatedKeyWindowScene: 0x107409e80; currentApplicationKeyWindow: 0x0; evaluatedApplicationKeyWindow: 0x0; reason: UIWindowScene: 0x107409e80: Window scene became target of keyboard environment
2026-09-04 23:31:16.054 Df Babytuna[71292:4e1bd5] [com.apple.UIKit:InterfaceStyle] Not push traits update to screen for new style 1, <UIWindowScene: 0x107409e80> (4B2AE613-A12C-49B6-AEC8-6FECEB2DE858)
2026-09-04 23:31:16.054 Df Babytuna[71292:4e1bd5] [com.apple.UIKit:InterfaceStyle] Not push traits update to screen for new style 1, <UIWindowScene: 0x107409e80> (4B2AE613-A12C-49B6-AEC8-6FECEB2DE858)
2026-09-04 23:31:16.055 Df Babytuna[71292:4e1bd5] [com.apple.UIKit:InterfaceStyle] Not push traits update to screen for new style 1, <UIWindowScene: 0x107409e80> (4B2AE613-A12C-49B6-AEC8-6FECEB2DE858)
2026-09-04 23:31:16.055 F  Babytuna[71292:4e1bd5] [com.apple.runtime-issues:UIKit App Config] `UIScene` lifecycle will soon be required. Failure to adopt will result in an assert in the future.
2026-09-04 23:31:16.055 A  Babytuna[71292:4e1bd5] (libsystem_trace.dylib) Activity for state dumps
2026-09-04 23:31:16.055 Df Babytuna[71292:4e1bd5] [com.apple.UIKit:InterfaceStyle] Not push traits update to screen for new style 1, <UIWindowScene: 0x107409e80> (4B2AE613-A12C-49B6-AEC8-6FECEB2DE858)
2026-09-04 23:31:16.055 Df Babytuna[71292:4e1bd5] [com.apple.UIKit:AppLifecycle] sceneOfRecord: sceneID: sceneID:com.babytuna.systems-default  persistentID: 4B2AE613-A12C-49B6-AEC8-6FECEB2DE858
2026-09-04 23:31:16.056 Df Babytuna[71292:4e1bd5] [com.apple.UIKit:Application] Ignoring already applied deactivation reason: 5; deactivation reasons: 1056
2026-09-04 23:31:16.056 Df Babytuna[71292:4e1bd5] [com.apple.UIKit:Application] Deactivation reason added: 11; deactivation reasons: 1056 -> 3104; animating application lifecycle event: 1
2026-09-04 23:31:16.056 Df Babytuna[71292:4e1bd5] [com.apple.KeyboardArbiter:Client] startConnection
2026-09-04 23:31:16.056 Df Babytuna[71292:4e1bd5] [com.apple.xpc:connection] [0x1067055f0] activating connection: mach=true listener=false peer=false name=com.apple.UIKit.KeyboardManagement.hosted
2026-09-04 23:31:16.056 Df Babytuna[71292:4e1bd5] (UIKitCore) You've implemented -[<UIApplicationDelegate> application:performFetchWithCompletionHandler:], but you still need to add "fetch" to the list of your supported UIBackgroundModes in your Info.plist.
2026-09-04 23:31:16.056 Df Babytuna[71292:4e1bd5] (UIKitCore) You've implemented -[<UIApplicationDelegate> application:didReceiveRemoteNotification:fetchCompletionHandler:], but you still need to add "remote-notification" to the list of your supported UIBackgroundModes in your Info.plist.
2026-09-04 23:31:16.057 Df Babytuna[71292:4e1bd5] (React) _setUpFeatureFlags called with release level 2
2026-09-04 23:31:16.083 Df Babytuna[71292:4e1d4a] (CoreFoundation) *** Terminating app due to uncaught exception 'NSInternalInconsistencyException', reason: 'The embedded manifest is invalid or could not be read. Make sure you have configured expo-updates correctly in your Xcode Build Phases.'
*** First throw call stack:
(
	0   CoreFoundation                      0x00000001804f71d0 __exceptionPreprocess + 172
	1   libobjc.A.dylib                     0x000000018009c094 objc_exception_throw + 72
	2   CoreFoundation                      0x00000001804f6d64 -[NSException init] + 0
	3   Babytuna                            0x0000000104eb87a0 $s9EXUpdates17EmbeddedAppLoaderC06cachedB8Manifest33_5548F8BF9BC26DF80B6195372447C757LL10withConfig8databaseAA0B6UpdateCAA07UpdatesN0C_AA0Q8DatabaseCSgtFZTf4nnd_n + 1412
	4   Babytuna                            0x0000000104e8f314 $s9EXUpdates23AppLauncherWithDatabaseC16launchableUpdate10withConfig8database15selectionPolicy15completionQueue0M0yAA07UpdatesI0C_AA0oE0CAA09SelectionL0CSo17OS_dispatch_queueCyAA0O5ErrorOSg_AA0G0	5   Babytuna <…>
2026-09-04 23:32:41.575 Df Babytuna[73007:4e403a] [com.apple.xpc:connection] [0x102904b20] activating connection: mach=true listener=false peer=false name=com.apple.cfprefsd.daemon
2026-09-04 23:32:41.580 Df Babytuna[73007:4e403a] [com.apple.UserNotifications:Connections] [com.babytuna.systems] Creating a user notification center
2026-09-04 23:32:41.589 A  Babytuna[73007:4e4067] (CoreFoundation) Loading Preferences From User Session CFPrefsD
2026-09-04 23:32:41.590 Df Babytuna[73007:4e4068] [com.apple.BoardServices:XPCErrors] [C:1] Alloc com.apple.frontboard.systemappservices
2026-09-04 23:32:41.590 Df Babytuna[73007:4e403a] (libMobileGestalt.dylib) No persisted cache on this platform.
2026-09-04 23:32:41.590 Df Babytuna[73007:4e4068] [com.apple.xpc:connection] [0x103304080] activating connection: mach=false listener=false peer=false name=(anonymous)
2026-09-04 23:32:41.592 Df Babytuna[73007:4e405e] [com.apple.UIKit:BackgroundTask] Creating new assertion because there is no existing background assertion.
2026-09-04 23:32:41.598 Df Babytuna[73007:4e405e] [com.apple.UIKit:BackgroundTask] Creating new background assertion
2026-09-04 23:32:41.598 Df Babytuna[73007:4e405e] [com.apple.UIKit:BackgroundTask] Created new background assertion <BKSProcessAssertion: 0x60000211aa30>
2026-09-04 23:32:41.598 Df Babytuna[73007:4e405e] [com.apple.runningboard:connection] Initializing connection
2026-09-04 23:32:41.598 Df Babytuna[73007:4e405e] [com.apple.runningboard:process] Removing all cached process handles
2026-09-04 23:32:41.598 Df Babytuna[73007:4e4069] [com.apple.runningboard:connection] Sending handshake request attempt #1 to server
2026-09-04 23:32:41.598 Df Babytuna[73007:4e4069] [com.apple.runningboard:connection] Creating connection to com.apple.runningboard
2026-09-04 23:32:41.598 Df Babytuna[73007:4e4069] [com.apple.xpc:connection] [0x1027061f0] activating connection: mach=true listener=false peer=false name=com.apple.runningboard
2026-09-04 23:32:41.598 A  Babytuna[73007:4e4068] (RunningBoardServices) didChangeInheritances
2026-09-04 23:32:41.599 Df Babytuna[73007:4e403a] [com.apple.UIKit:Application] Deactivation reason added: 10; deactivation reasons: 0 -> 1024; animating application lifecycle event: 0
2026-09-04 23:32:41.599 Df Babytuna[73007:4e4069] [com.apple.runningboard:connection] Handshake succeeded
2026-09-04 23:32:41.599 Df Babytuna[73007:4e4069] [com.apple.runningboard:connection] Identity resolved as app<com.babytuna.systems((null))>
2026-09-04 23:32:41.599 Df Babytuna[73007:4e403a] [com.apple.BoardServices:Injection] activating monitor for service com.apple.frontboard.open
2026-09-04 23:32:41.599 Df Babytuna[73007:4e405e] [com.apple.UIKit:BackgroundTask] Incrementing reference count for background assertion <BKSProcessAssertion: 0x60000211aa30>
2026-09-04 23:32:41.599 Df Babytuna[73007:4e403a] [com.apple.BoardServices:Injection] activating monitor for service com.apple.frontboard.workspace-service
2026-09-04 23:32:41.599 Df Babytuna[73007:4e405e] [com.apple.UIKit:BackgroundTask] Created background task <_UIBackgroundTaskInfo: 0x600001712240>: taskID = 1, taskName = Launch Background Task for Coalescing, creationTime = 148220 (elapsed = 0).
2026-09-04 23:32:41.599 Df Babytuna[73007:4e405e] [com.apple.FrontBoard:SceneExtension] Realizing settings extension _UIApplicationSceneKeyboardSettings on FBSSceneSettings
2026-09-04 23:32:41.599 Df Babytuna[73007:4e403a] [com.apple.FrontBoard:Common] FBSWorkspace registering source: com.apple.frontboard.systemappservices
2026-09-04 23:32:41.600 Df Babytuna[73007:4e405e] [com.apple.FrontBoard:SceneExtension] Realizing settings extension <_UISceneOcclusionSettings> on FBSSceneSettings
2026-09-04 23:32:41.600 Df Babytuna[73007:4e405e] [com.apple.FrontBoard:SceneExtension] Realizing settings extension <_UISceneInterfaceProtectionSettings> on FBSSceneSettings
2026-09-04 23:32:41.600 Df Babytuna[73007:4e405e] [com.apple.FrontBoard:SceneExtension] Realizing settings extension _UISceneLayoutPreferencesHostSettingsExtension on FBSSceneSettings
2026-09-04 23:32:41.600 Df Babytuna[73007:4e405e] [com.apple.FrontBoard:SceneExtension] Realizing settings extension _UISceneSafeAreaSettingsExtension on FBSSceneSettings
2026-09-04 23:32:41.601 Df Babytuna[73007:4e405e] [com.apple.FrontBoard:SceneExtension] Realizing settings extension _UISceneLayoutPreferenceClientSettingsExtension on FBSSceneClientSettings
2026-09-04 23:32:41.601 Df Babytuna[73007:4e405e] [com.apple.FrontBoard:SceneExtension] Realizing settings extension <_UIHomeAffordanceHostSceneSettings> on FBSSceneSettings
2026-09-04 23:32:41.601 Df Babytuna[73007:4e405e] [com.apple.FrontBoard:SceneExtension] Realizing settings extension _UISystemShellSceneHostingEnvironmentSettings on FBSSceneSettings
2026-09-04 23:32:41.601 Df Babytuna[73007:4e405e] [com.apple.FrontBoard:SceneExtension] Realizing settings extension _UISceneRenderingEnvironmentSettings on FBSSceneSettings
2026-09-04 23:32:41.601 Df Babytuna[73007:4e405e] [com.apple.FrontBoard:SceneExtension] Realizing settings extension <_UISceneRenderingEnvironmentClientSettings> on FBSSceneClientSettings
2026-09-04 23:32:41.601 Df Babytuna[73007:4e405e] [com.apple.FrontBoard:SceneExtension] Realizing settings extension <_UISceneTransitioningHostSettings> on FBSSceneSettings
2026-09-04 23:32:41.601 Df Babytuna[73007:4e405e] [com.apple.FrontBoard:SceneExtension] Realizing settings extension <_UISceneFocusSystemSettings> on FBSSceneSettings
2026-09-04 23:32:41.601 Df Babytuna[73007:4e403a] [com.apple.FrontBoard:Common] FBSWorkspace connected to endpoint : <BSServiceConnectionEndpoint: 0x60000020bb20; target: com.apple.frontboard.systemappservices; service: com.apple.frontboard.workspace-service>
2026-09-04 23:32:41.601 Df Babytuna[73007:4e405e] [com.apple.FrontBoard:SceneExtension] Realizing settings extension _UISceneOrientationSettingsExtension on FBSSceneSettings
2026-09-04 23:32:41.601 Df Babytuna[73007:4e403a] [com.apple.FrontBoard:Common] <FBSWorkspaceScenesClient:0x600003000090 com.apple.frontboard.systemappservices> attempting immediate handshake from activate
2026-09-04 23:32:41.601 Df Babytuna[73007:4e405e] [com.apple.FrontBoard:SceneExtension] Realizing settings extension _UISceneOrientationClientSettingsExtension on FBSSceneClientSettings
2026-09-04 23:32:41.601 Df Babytuna[73007:4e403a] [com.apple.FrontBoard:Common] <FBSWorkspaceScenesClient:0x600003000090 com.apple.frontboard.systemappservices> sent handshake
2026-09-04 23:32:41.602 Df Babytuna[73007:4e405e] [com.apple.FrontBoard:SceneExtension] Realizing settings extension _UISceneWindowingControlClientSettings on FBSSceneClientSettings
2026-09-04 23:32:41.602 Df Babytuna[73007:4e403a] [com.apple.runningboard:general] Added observer for process assertions expiration warning: <_RBSExpirationWarningClient: 0x60000020e640>
2026-09-04 23:32:41.602 Df Babytuna[73007:4e405e] [com.apple.FrontBoard:SceneExtension] Realizing settings extension <_UISceneHostingContentSizePreferenceClientSettings> on FBSSceneClientSettings
2026-09-04 23:32:41.602 Df Babytuna[73007:4e405e] [com.apple.FrontBoard:SceneExtension] Realizing settings extension _UISceneHostingTraitCollectionPropagationSettings on FBSSceneSettings
2026-09-04 23:32:41.603 Df Babytuna[73007:4e405e] [com.apple.FrontBoard:SceneExtension] Realizing settings extension <_UISceneHostingSheetPresentationSettings> on FBSSceneSettings
2026-09-04 23:32:41.603 Df Babytuna[73007:4e405e] [com.apple.FrontBoard:SceneExtension] Realizing settings extension <_UISceneHostingSheetPresentationClientSettings> on FBSSceneClientSettings
2026-09-04 23:32:41.603 Df Babytuna[73007:4e405e] [com.apple.FrontBoard:SceneExtension] Realizing settings extension <_UISceneHostingEventDeferringSettings> on FBSSceneSettings
2026-09-04 23:32:41.604 Df Babytuna[73007:4e405e] [com.apple.FrontBoard:SceneExtension] Realizing settings extension <UIKit__UITypedKeyValueSceneSettings> on FBSSceneSettings
2026-09-04 23:32:41.604 Df Babytuna[73007:4e405e] [com.apple.FrontBoard:SceneExtension] Realizing settings extension <UIKit__UITypedKeyValueSceneSettings> on FBSSceneClientSettings
2026-09-04 23:32:41.604 Df Babytuna[73007:4e403a] [com.apple.UIKit:UIScreen] Evaluated capturing state as 0 on <UIScreen: 0x1027068c0> for initial
2026-09-04 23:32:41.604 Df Babytuna[73007:4e405e] [com.apple.FrontBoard:SceneExtension] Realizing settings extension <_UISceneHostingViewControllerPreferencePropagationClientSettings> on FBSSceneClientSettings
2026-09-04 23:32:41.604 Df Babytuna[73007:4e405e] [com.apple.FrontBoard:SceneExtension] Realizing settings extension <_UISceneZoomTransitionSettings> on FBSSceneSettings
2026-09-04 23:32:41.604 Df Babytuna[73007:4e403a] [com.apple.UIKit:UIScreen] Evaluated capturing state as 0 on <UIScreen: 0x1027068c0> for CADisplay KVO
2026-09-04 23:32:41.604 Df Babytuna[73007:4e4072] [com.apple.FrontBoard:SceneExtension] Realizing settings extension FBSSceneSettingsCore on FBSSceneSettings
2026-09-04 23:32:41.605 Df Babytuna[73007:4e403a] [com.apple.Accessibility:AXSupportCommon] Read CategoryName: per-app = 1, category name = (null)
2026-09-04 23:32:41.605 Df Babytuna[73007:4e403a] [com.apple.Accessibility:AXSupportCommon] Read CategoryName: per-app = 0, category name = (null)
2026-09-04 23:32:41.605 Df Babytuna[73007:4e4072] [com.apple.FrontBoard:SceneExtension] Realizing settings extension FBSSceneClientSettingsCore on FBSSceneClientSettings
2026-09-04 23:32:41.626 Df Babytuna[73007:4e4072] [com.apple.FrontBoard:SceneExtension] UIMutableApplicationSceneSettings setting counterpart class: UIApplicationSceneSettings
2026-09-04 23:32:41.627 Df Babytuna[73007:4e4072] [com.apple.FrontBoard:SceneExtension] UIMutableApplicationSceneClientSettings setting counterpart class: UIApplicationSceneClientSettings
2026-09-04 23:32:41.627 Df Babytuna[73007:4e4072] [com.apple.FrontBoard:SceneExtension] Realizing settings extension FBSSceneTransitionContextCore on FBSSceneTransitionContext
2026-09-04 23:32:41.650 A  Babytuna[73007:4e4072] (CoreFoundation) Updating Key-Value Observers Of Preferences
2026-09-04 23:32:41.659 Df Babytuna[73007:4e403a] [com.apple.dt.xctest:Default] Registering for test daemon availability notify post.
2026-09-04 23:32:41.659 Df Babytuna[73007:4e403a] [com.apple.dt.xctest:Default] notify_get_state check indicated test daemon not ready.
2026-09-04 23:32:41.660 Df Babytuna[73007:4e403a] [com.apple.dt.xctest:Default] notify_get_state check indicated test daemon not ready.
2026-09-04 23:32:41.660 Df Babytuna[73007:4e403a] [com.apple.dt.xctest:Default] notify_get_state check indicated test daemon not ready.
2026-09-04 23:32:41.660 Df Babytuna[73007:4e403a] [com.apple.UIKit:UpdateScheduler] Selected display: name=LCD (PurpleMain), id=1
2026-09-04 23:32:41.664 Df Babytuna[73007:4e403a] [com.apple.UIKit:Application] Deactivation reason added: 5; deactivation reasons: 1024 -> 1056; animating application lifecycle event: 1
2026-09-04 23:32:41.664 Df Babytuna[73007:4e403a] [com.apple.UIKit:InterfaceStyle] Not push traits update to screen for new style 1, <UIWindowScene: 0x10260ab70> (4B2AE613-A12C-49B6-AEC8-6FECEB2DE858)
2026-09-04 23:32:41.697 Df Babytuna[73007:4e403a] [com.apple.UIKit:InterfaceStyle] Should send trait collection or coordinate space update, interface style 1 -> 1, <UIWindowScene: 0x10260ab70> (4B2AE613-A12C-49B6-AEC8-6FECEB2DE858)
2026-09-04 23:32:41.698 Df Babytuna[73007:4e403a] [com.apple.UIKit:InterfaceStyle] Not push traits update to screen for new style 1, <UIWindowScene: 0x10260ab70> (4B2AE613-A12C-49B6-AEC8-6FECEB2DE858)
2026-09-04 23:32:41.698 Df Babytuna[73007:4e403a] [com.apple.UIKit:HomeAffordanceObservation] Initializing: <_UIHomeAffordanceSceneNotifier: 0x60000293d6c0>; with scene: <UIWindowScene: 0x10260ab70>
2026-09-04 23:32:41.698 Df Babytuna[73007:4e403a] [com.apple.BacklightServices:scenes] 0x600000c4c450 setDelegate:<0x600000c4d230 _UIBacklightEnvironment> hasDelegate:YES for environment:sceneID:com.babytuna.systems-default
2026-09-04 23:32:41.698 Df Babytuna[73007:4e403a] [com.apple.UIKit:InterfaceStyle] Not push traits update to screen for new style 1, <UIWindowScene: 0x10260ab70> (4B2AE613-A12C-49B6-AEC8-6FECEB2DE858)
2026-09-04 23:32:41.698 Df Babytuna[73007:4e403a] [com.apple.UIKit:EventDeferring] [0x60000293db20] Initialized with scene: <UIWindowScene: 0x10260ab70>; behavior: <_UIEventDeferringBehavior_iOS: 0x60000024b380>; availableForProcess: 1, systemShellManagesKeyboardFocus: 1
2026-09-04 23:32:41.698 Df Babytuna[73007:4e403a] [com.apple.BoardServices:XPCErrors] [C:2] Alloc com.apple.backboard.hid-services.xpc
2026-09-04 23:32:41.698 Df Babytuna[73007:4e403a] [com.apple.xpc:connection] [0x102a06530] activating connection: mach=false listener=false peer=false name=(anonymous)
2026-09-04 23:32:41.699 Df Babytuna[73007:4e4069] [com.apple.BackBoard:EventDelivery] BKSHIDEventObserver - connection activation
2026-09-04 23:32:41.699 Df Babytuna[73007:4e403a] [com.apple.BackBoard:EventDelivery] policyStatus:<BKSHIDEventDeliveryPolicyObserver: 0x600002605ec0; process scope; status: target> was:none
2026-09-04 23:32:41.699 Df Babytuna[73007:4e403a] [com.apple.UIKit:KeyWindow] Setting default evaluation strategy for UIUserInterfaceIdiomPhone to LastOneWins
2026-09-04 23:32:41.699 Df Babytuna[73007:4e403a] [com.apple.UIKit:KeyWindow] Scene target of keyboard event deferring environment did change: 1; scene: UIWindowScene: 0x10260ab70; scene identity: com.apple.frontboard.systemappservices/FBSceneManager:sceneID%3Acom.babytuna.systems-default
2026-09-04 23:32:41.699 Df Babytuna[73007:4e403a] [com.apple.UIKit:EventDeferring] [0x60000293db20] Scene target of event deferring environments did update: scene: 0x10260ab70; current systemShellManagesKeyboardFocus: 1; systemShellManagesKeyboardFocusForScene: 1; eligibleForRecordRemoval: 1;
2026-09-04 23:32:41.699 Df Babytuna[73007:4e403a] [com.apple.UIKit:KeyWindow] Scene became target of keyboard event deferring environment: UIWindowScene: 0x10260ab70; scene identity: com.apple.frontboard.systemappservices/FBSceneManager:sceneID%3Acom.babytuna.systems-default
2026-09-04 23:32:41.699 Df Babytuna[73007:4e403a] [com.apple.UIKit:KeyWindow] Stack[KeyWindow] 0x600000c60180: Taking no further action for migration from LastOneWins -> SystemShellManaged as there are no scenes
2026-09-04 23:32:41.699 Df Babytuna[73007:4e403a] [com.apple.UIKit:KeyWindow] Setting default evaluation strategy for UIUserInterfaceIdiomPhone to SystemShellManaged
2026-09-04 23:32:41.699 Df Babytuna[73007:4e403a] [com.apple.UIKit:KeyWindow] Key window needs update: 0; currentKeyWindowScene: 0x0; evaluatedKeyWindowScene: 0x10260ab70; currentApplicationKeyWindow: 0x0; evaluatedApplicationKeyWindow: 0x0; reason: UIWindowScene: 0x10260ab70: Window scene became target of keyboard environment
2026-09-04 23:32:41.700 Df Babytuna[73007:4e403a] [com.apple.UIKit:InterfaceStyle] Not push traits update to screen for new style 1, <UIWindowScene: 0x10260ab70> (4B2AE613-A12C-49B6-AEC8-6FECEB2DE858)
2026-09-04 23:32:41.700 Df Babytuna[73007:4e403a] [com.apple.UIKit:InterfaceStyle] Not push traits update to screen for new style 1, <UIWindowScene: 0x10260ab70> (4B2AE613-A12C-49B6-AEC8-6FECEB2DE858)
2026-09-04 23:32:41.700 Df Babytuna[73007:4e403a] [com.apple.UIKit:InterfaceStyle] Not push traits update to screen for new style 1, <UIWindowScene: 0x10260ab70> (4B2AE613-A12C-49B6-AEC8-6FECEB2DE858)
2026-09-04 23:32:41.700 F  Babytuna[73007:4e403a] [com.apple.runtime-issues:UIKit App Config] `UIScene` lifecycle will soon be required. Failure to adopt will result in an assert in the future.
2026-09-04 23:32:41.700 A  Babytuna[73007:4e403a] (libsystem_trace.dylib) Activity for state dumps
2026-09-04 23:32:41.700 Df Babytuna[73007:4e403a] [com.apple.UIKit:InterfaceStyle] Not push traits update to screen for new style 1, <UIWindowScene: 0x10260ab70> (4B2AE613-A12C-49B6-AEC8-6FECEB2DE858)
2026-09-04 23:32:41.701 Df Babytuna[73007:4e403a] [com.apple.UIKit:AppLifecycle] sceneOfRecord: sceneID: sceneID:com.babytuna.systems-default  persistentID: 4B2AE613-A12C-49B6-AEC8-6FECEB2DE858
2026-09-04 23:32:41.701 Df Babytuna[73007:4e403a] [com.apple.UIKit:Application] Ignoring already applied deactivation reason: 5; deactivation reasons: 1056
2026-09-04 23:32:41.701 Df Babytuna[73007:4e403a] [com.apple.UIKit:Application] Deactivation reason added: 11; deactivation reasons: 1056 -> 3104; animating application lifecycle event: 1
2026-09-04 23:32:41.701 Df Babytuna[73007:4e403a] [com.apple.KeyboardArbiter:Client] startConnection
2026-09-04 23:32:41.702 Df Babytuna[73007:4e403a] [com.apple.xpc:connection] [0x102707d40] activating connection: mach=true listener=false peer=false name=com.apple.UIKit.KeyboardManagement.hosted
2026-09-04 23:32:41.702 Df Babytuna[73007:4e403a] (UIKitCore) You've implemented -[<UIApplicationDelegate> application:performFetchWithCompletionHandler:], but you still need to add "fetch" to the list of your supported UIBackgroundModes in your Info.plist.
2026-09-04 23:32:41.702 Df Babytuna[73007:4e403a] (UIKitCore) You've implemented -[<UIApplicationDelegate> application:didReceiveRemoteNotification:fetchCompletionHandler:], but you still need to add "remote-notification" to the list of your supported UIBackgroundModes in your Info.plist.
2026-09-04 23:32:41.703 Df Babytuna[73007:4e403a] (React) _setUpFeatureFlags called with release level 2
2026-09-04 23:32:41.743 Df Babytuna[73007:4e4072] (CoreFoundation) *** Terminating app due to uncaught exception 'NSInternalInconsistencyException', reason: 'The embedded manifest is invalid or could not be read. Make sure you have configured expo-updates correctly in your Xcode Build Phases.'
*** First throw call stack:
(
	0   CoreFoundation                      0x00000001804f71d0 __exceptionPreprocess + 172
	1   libobjc.A.dylib                     0x000000018009c094 objc_exception_throw + 72
	2   CoreFoundation                      0x00000001804f6d64 -[NSException init] + 0
	3   Babytuna                            0x0000000100e987a0 $s9EXUpdates17EmbeddedAppLoaderC06cachedB8Manifest33_5548F8BF9BC26DF80B6195372447C757LL10withConfig8databaseAA0B6UpdateCAA07UpdatesN0C_AA0Q8DatabaseCSgtFZTf4nnd_n + 1412
	4   Babytuna                            0x0000000100e6f314 $s9EXUpdates23AppLauncherWithDatabaseC16launchableUpdate10withConfig8database15selectionPolicy15completionQueue0M0yAA07UpdatesI0C_AA0oE0CAA09SelectionL0CSo17OS_dispatch_queueCyAA0O5ErrorOSg_AA0G0	5   Babytuna <…>
