
up to date, audited 1123 packages in 12s

# npm audit report

brace-expansion  <=1.1.17
Severity: high
brace-expansion: Zero-step sequence causes process hang and memory exhaustion - https://github.com/advisories/GHSA-f886-m6hf-6m8v
brace-expansion: DoS via exponential-time expansion of consecutive non-expanding {} groups - https://github.com/advisories/GHSA-3jxr-9vmj-r5cp
brace-expansion: DoS via unbounded expansion length causing an out-of-memory process crash - https://github.com/advisories/GHSA-mh99-v99m-4gvg
brace-expansion: DoS via unbounded intermediate arrays, bypassing the CVE-2026-14257 mitigation - https://github.com/advisories/GHSA-rgw5-rvv9-x895
fix available via `npm audit fix`
node_modules/brace-expansion

decode-uri-component  <=0.4.2
Severity: moderate
decode-uri-component: Denial of service via exponential decoding of malformed percent-encoded input - https://github.com/advisories/GHSA-vcc3-ghjq-m6fr
fix available via `npm audit fix --force`
Will install expo-router@5.1.11, which is a breaking change
node_modules/decode-uri-component
  query-string  5.0.0 - 9.4.1
  Depends on vulnerable versions of decode-uri-component
  node_modules/query-string
    @react-navigation/core  <=8.0.0-alpha.9
    Depends on vulnerable versions of query-string
    node_modules/@react-navigation/core
      @react-navigation/native  <=3.0.0-alpha.12 || 3.0.1 - 3.6.5 || 4.0.0-alpha.0 - 7.3.18
      Depends on vulnerable versions of @react-navigation/core
      node_modules/@react-navigation/native
        @react-navigation/bottom-tabs  <=7.18.18
        Depends on vulnerable versions of @react-navigation/elements
        Depends on vulnerable versions of @react-navigation/native
        node_modules/@react-navigation/bottom-tabs
          expo-router  *
          Depends on vulnerable versions of @react-navigation/bottom-tabs
          Depends on vulnerable versions of @react-navigation/native
          Depends on vulnerable versions of @react-navigation/native-stack
          Depends on vulnerable versions of expo-constants
          Depends on vulnerable versions of expo-linking
          Depends on vulnerable versions of query-string
          node_modules/expo-router
        @react-navigation/elements  <=2.9.40
        Depends on vulnerable versions of @react-navigation/native
        node_modules/@react-navigation/elements
          @react-navigation/native-stack  <=7.18.10
          Depends on vulnerable versions of @react-navigation/elements
          Depends on vulnerable versions of @react-navigation/native
          node_modules/@react-navigation/native-stack

image-size  *
Severity: high
image-size: ICNS parser allows denial of service through an infinite loop - https://github.com/advisories/GHSA-w3rx-r6r6-pgpr
image-size: JXL and HEIF parsers allow denial of service through infinite loops - https://github.com/advisories/GHSA-5p2g-fcmc-qvqq
fix available via `npm audit fix --force`
Will install expo@57.0.20, which is a breaking change
node_modules/image-size
  metro  0.22.1 - 0.83.7 || 0.84.0 - 0.84.4 || >=0.85.0
  Depends on vulnerable versions of image-size
  Depends on vulnerable versions of metro-config
  Depends on vulnerable versions of metro-transform-worker
  node_modules/metro
    @expo/metro  <=55.1.1 || 56.0.0-rc.0 - 56.0.1
    Depends on vulnerable versions of metro
    Depends on vulnerable versions of metro-config
    Depends on vulnerable versions of metro-transform-worker
    node_modules/@expo/metro
      @expo/cli  <=0.0.0-canary-20231123-1b19f96-4 || >=0.0.1-canary-20231125-d600e44
      Depends on vulnerable versions of @expo/config
      Depends on vulnerable versions of @expo/config-plugins
      Depends on vulnerable versions of @expo/metro
      Depends on vulnerable versions of @expo/metro-config
      Depends on vulnerable versions of @expo/prebuild-config
      node_modules/@expo/cli
        expo  >=41.0.0-alpha.0
        Depends on vulnerable versions of @expo/cli
        Depends on vulnerable versions of @expo/config
        Depends on vulnerable versions of @expo/config-plugins
        Depends on vulnerable versions of @expo/metro
        Depends on vulnerable versions of @expo/metro-config
        Depends on vulnerable versions of expo-asset
        Depends on vulnerable versions of expo-constants
        node_modules/expo
      @expo/metro-config  <=0.0.1-canary-20240418-8d74597 || >=0.1.49-alpha.0
      Depends on vulnerable versions of @expo/config
      Depends on vulnerable versions of @expo/metro
      Depends on vulnerable versions of postcss
      node_modules/@expo/metro-config
    metro-config  <=0.83.7 || 0.84.0 - 0.84.4 || >=0.85.0
    Depends on vulnerable versions of metro
    node_modules/metro-config
    metro-transform-worker  0.60.0 - 0.83.7 || 0.84.0 - 0.84.4 || >=0.85.0
    Depends on vulnerable versions of metro
    node_modules/metro-transform-worker

postcss  <=8.5.22
Severity: high
PostCSS has XSS via Unescaped </style> in its CSS Stringify Output - https://github.com/advisories/GHSA-qx2v-qp2m-jg93
PostCSS: Arbitrary file read and information disclosure via attacker-controlled sourceMappingURL in CSS comments - https://github.com/advisories/GHSA-6g55-p6wh-862q
PostCSS: incomplete fix of GHSA-6g55-p6wh-862q — attacker-controlled sourceMappingURL reads arbitrary .map files when `from` is unset - https://github.com/advisories/GHSA-fxqj-rqcc-2cmp
PostCSS: Path Traversal in Previous Source Map Auto-Loading (sourceMappingURL) leads to Arbitrary .map File Disclosure - https://github.com/advisories/GHSA-r28c-9q8g-f849
fix available via `npm audit fix --force`
Will install expo@57.0.20, which is a breaking change
node_modules/@expo/metro-config/node_modules/postcss

uuid  <11.1.1
Severity: moderate
uuid: Missing buffer bounds check in v3/v5/v6 when buf is provided - https://github.com/advisories/GHSA-w5hq-g745-h8pq
fix available via `npm audit fix --force`
Will install expo@57.0.20, which is a breaking change
node_modules/uuid
  xcode  >=0.9.2
  Depends on vulnerable versions of uuid
  node_modules/xcode
    @expo/config-plugins  *
    Depends on vulnerable versions of xcode
    node_modules/@expo/config-plugins
      @expo/config  <=0.0.1-canary-20240418-8d74597 || >=3.3.23-alpha.0
      Depends on vulnerable versions of @expo/config-plugins
      node_modules/@expo/config
        @expo/prebuild-config  *
        Depends on vulnerable versions of @expo/config
        Depends on vulnerable versions of @expo/config-plugins
        node_modules/@expo/prebuild-config
          expo-splash-screen  <=0.0.1-canary-20240418-8d74597 || 0.11.0 - 56.0.0-canary-20260506-964f25d
          Depends on vulnerable versions of @expo/prebuild-config
          node_modules/expo-splash-screen
        expo-constants  <=0.0.1-canary-20240418-8d74597 || 10.1.2 - 55.0.14 || 56.0.0-canary-20260212-4f61309 - 56.0.0-canary-20260506-964f25d
        Depends on vulnerable versions of @expo/config
        node_modules/expo-constants
          expo-asset  <=0.0.1-canary-20240418-8d74597 || 8.6.1 - 55.0.0-canary-20260223-05214f1 || 55.0.3-canary-20260128-67ce8d5 || 55.0.8-canary-20260424-7bedc9d - 55.0.8-canary-20260429-a5e59cf || 55.0.11-canary-20260327-0789fbc - 55.0.11-canary-20260402-9da566b || 56.0.0-canary-20260212-4f61309 - 56.0.0-canary-20260506-964f25d
          Depends on vulnerable versions of expo-constants
          node_modules/expo-asset
          expo-auth-session  <=0.0.1-canary-20240418-8d74597 || 3.2.2 - 55.0.0-canary-20260223-05214f1 || 55.0.4-canary-20260128-67ce8d5 || 55.0.7-canary-20260424-7bedc9d - 55.0.7-canary-20260429-a5e59cf || 55.0.11-canary-20260327-0789fbc - 55.0.11-canary-20260402-9da566b || 56.0.0-canary-20260212-4f61309 - 56.0.0-canary-20260506-964f25d
          Depends on vulnerable versions of expo-constants
          Depends on vulnerable versions of expo-linking
          node_modules/expo-auth-session
          expo-linking  <=0.0.1-canary-20240418-8d74597 || 2.2.2 - 55.0.0-canary-20260223-05214f1 || 55.0.4-canary-20260128-67ce8d5 || 55.0.8-canary-20260424-7bedc9d - 55.0.8-canary-20260429-a5e59cf || 55.0.10-canary-20260327-0789fbc - 55.0.10-canary-20260402-9da566b || 56.0.0-canary-20260212-4f61309 - 56.0.0-canary-20260506-964f25d
          Depends on vulnerable versions of expo-constants
          node_modules/expo-linking
          expo-notifications  <=0.0.1-canary-20240418-8d74597 || 0.11.4 - 55.0.0-canary-20260223-05214f1 || 55.0.5-canary-20260128-67ce8d5 || 55.0.11-canary-20260424-7bedc9d - 55.0.11-canary-20260429-a5e59cf || 55.0.15-canary-20260327-0789fbc - 55.0.15-canary-20260402-9da566b || 56.0.0-canary-20260212-4f61309 - 56.0.0-canary-20260506-964f25d || 56.0.15-canary-20260526-6cd5e37 - 56.0.15-canary-20260701-9100865 || 57.0.0-canary-20260526-13e89ca - 57.0.0-canary-20260623-1c70a78
          Depends on vulnerable versions of expo-constants
          node_modules/expo-notifications
        expo-manifests  <=0.0.1-canary-20240418-8d74597 || 0.9.0 - 55.0.15 || 56.0.0-canary-20260212-4f61309 - 56.0.0-canary-20260506-964f25d
        Depends on vulnerable versions of @expo/config
        node_modules/expo-manifests
          expo-updates  <=0.0.1-canary-20240418-8d74597 || 0.20.0 - 55.0.0-canary-20260223-05214f1 || 55.0.6-canary-20260128-67ce8d5 || 55.0.12-canary-20260424-7bedc9d - 55.0.12-canary-20260429-a5e59cf || 55.0.17-canary-20260327-0789fbc - 55.0.17-canary-20260402-9da566b || 56.0.0-canary-20260212-4f61309 - 56.0.0-canary-20260506-964f25d || 58.0.0-canary-20260805-ccd18b9
          Depends on vulnerable versions of expo-manifests
          node_modules/expo-updates

31 vulnerabilities (21 moderate, 10 high)

To address issues that do not require attention, run:
  npm audit fix

To address all issues (including breaking changes), run:
  npm audit fix --force
