
> babytuna@2.2 test:ci
> jest --runInBand --watchman=false --runTestsByPath src/__tests__/changePassword.test.ts

FAIL src/__tests__/changePassword.test.ts
  ✓ rejects an incorrect current password without changing the password or signing out (4 ms)
  ✓ verifies the current user before updating their email password (1 ms)
  ✓ does not change a password when current user verification fails offline
  ✓ does not update a different account returned during reauthentication
  ✕ verifies without replacing the shared client session (1 ms)
  ✕ discards verification that completes after logout begins

  ● verifies without replacing the shared client session

    expect(jest.fn()).not.toHaveBeenCalled()

    Expected number of calls: 0
    Received number of calls: 1

    1: {"email": "employee@example.com", "password": "current-password"}

      55 | it('verifies without replacing the shared client session', async () => {
      56 |   await changeEmailPassword('current-password', 'new-password');
    > 57 |   expect(signInWithPassword).not.toHaveBeenCalled();
         |                                  ^
      58 |   expect(isolatedSignIn).toHaveBeenCalledWith({ email: 'employee@example.com', password: 'current-password' });
      59 |   expect(isolatedUpdate).toHaveBeenCalledWith({ password: 'new-password' });
      60 | });

      at Object.<anonymous> (src/__tests__/changePassword.test.ts:57:34)

  ● discards verification that completes after logout begins

    expect(received).rejects.toThrow()

    Received promise resolved instead of rejected
    Resolved to value: undefined

      69 |     return { data: { user: { id: 'user-1' } }, error: null };
      70 |   });
    > 71 |   await expect(changeEmailPassword('current-password', 'new-password')).rejects.toThrow('Sign in again');
         |         ^
      72 |   expect(updateUser).not.toHaveBeenCalled();
      73 |   expect(isolatedUpdate).not.toHaveBeenCalled();
      74 | });

      at expect (node_modules/expect/build/index.js:113:15)
      at Object.<anonymous> (src/__tests__/changePassword.test.ts:71:9)

Test Suites: 1 failed, 1 total
Tests:       2 failed, 4 passed, 6 total
Snapshots:   0 total
Time:        1.29 s
Ran all test suites within paths "src/__tests__/changePassword.test.ts".
