
> babytuna@2.2 test:ci
> jest --runInBand --watchman=false --runTestsByPath src/__tests__/changePassword.test.ts src/__tests__/credentialModal.test.ts

PASS src/__tests__/changePassword.test.ts
PASS src/__tests__/credentialModal.test.ts
  ● Console

    console.error
      react-test-renderer is deprecated. See https://react.dev/warnings/react-test-renderer

      36 | async function openModal() {
      37 |   let tree!: renderer.ReactTestRenderer;
    > 38 |   await act(async () => { tree = renderer.create(React.createElement(ChangePasswordModal, { visible: true, onClose: jest.fn() })); });
         |                                           ^
      39 |   return tree;
      40 | }
      41 |

      at Object.<anonymous>.process.env.NODE_ENV.exports.create (node_modules/react-test-renderer/cjs/react-test-renderer.development.js:14598:17)
      at src/__tests__/credentialModal.test.ts:38:43
      at Object.<anonymous>.process.env.NODE_ENV.exports.act (node_modules/react/cjs/react.development.js:789:22)
      at openModal (src/__tests__/credentialModal.test.ts:38:12)
      at Object.<anonymous> (src/__tests__/credentialModal.test.ts:44:22)

    console.error
      react-test-renderer is deprecated. See https://react.dev/warnings/react-test-renderer

      36 | async function openModal() {
      37 |   let tree!: renderer.ReactTestRenderer;
    > 38 |   await act(async () => { tree = renderer.create(React.createElement(ChangePasswordModal, { visible: true, onClose: jest.fn() })); });
         |                                           ^
      39 |   return tree;
      40 | }
      41 |

      at Object.<anonymous>.process.env.NODE_ENV.exports.create (node_modules/react-test-renderer/cjs/react-test-renderer.development.js:14598:17)
      at src/__tests__/credentialModal.test.ts:38:43
      at Object.<anonymous>.process.env.NODE_ENV.exports.act (node_modules/react/cjs/react.development.js:789:22)
      at openModal (src/__tests__/credentialModal.test.ts:38:12)
      at Object.<anonymous> (src/__tests__/credentialModal.test.ts:52:22)

    console.error
      react-test-renderer is deprecated. See https://react.dev/warnings/react-test-renderer

      36 | async function openModal() {
      37 |   let tree!: renderer.ReactTestRenderer;
    > 38 |   await act(async () => { tree = renderer.create(React.createElement(ChangePasswordModal, { visible: true, onClose: jest.fn() })); });
         |                                           ^
      39 |   return tree;
      40 | }
      41 |

      at Object.<anonymous>.process.env.NODE_ENV.exports.create (node_modules/react-test-renderer/cjs/react-test-renderer.development.js:14598:17)
      at src/__tests__/credentialModal.test.ts:38:43
      at Object.<anonymous>.process.env.NODE_ENV.exports.act (node_modules/react/cjs/react.development.js:789:22)
      at openModal (src/__tests__/credentialModal.test.ts:38:12)
      at Object.<anonymous> (src/__tests__/credentialModal.test.ts:61:22)


Test Suites: 2 passed, 2 total
Tests:       11 passed, 11 total
Snapshots:   0 total
Time:        1.583 s, estimated 2 s
Ran all test suites within paths "src/__tests__/changePassword.test.ts", "src/__tests__/credentialModal.test.ts".
